// Jest Snapshot v1, https://goo.gl/fbAQLP

exports[`Test on Footer should match initial snapshot 1`] = `
<div
  className="m-3 text-center"
>
  <p>
    Author: Luis Valero Garc√≠a | 2021
  </p>
</div>
`;
